===== gemma3-12b (concealed_cheat vs failed_silent)
[gemma3-12b] 166 rows -> 124 unique sids (duplicate-sid rows dropped)
n=99  pos(concealed_cheat)=4  neg(failed_silent)=95  groups=74  models={np.str_('gemma3-12b'): np.int64(99)}
layer     4: meandiff AUROC=0.8868 p=0.005  logreg AUROC=0.9184 p=0.00599
layer     8: meandiff AUROC=0.8474 p=0.01199  logreg AUROC=0.9658 p=0.001
layer    12: meandiff AUROC=0.9211 p=0.001  logreg AUROC=0.9868 p=0.001
layer    16: meandiff AUROC=0.8132 p=0.01299  logreg AUROC=1.0 p=0.001
layer    20: meandiff AUROC=0.9474 p=0.001  logreg AUROC=1.0 p=0.001
layer    24: meandiff AUROC=0.9526 p=0.001  logreg AUROC=1.0 p=0.001
layer    28: meandiff AUROC=0.9553 p=0.001  logreg AUROC=0.9974 p=0.001
layer    32: meandiff AUROC=0.8921 p=0.005  logreg AUROC=0.9974 p=0.001
layer    36: meandiff AUROC=0.9447 p=0.001  logreg AUROC=1.0 p=0.001
layer    40: meandiff AUROC=0.9579 p=0.001  logreg AUROC=1.0 p=0.001
layer    44: meandiff AUROC=0.9421 p=0.002  logreg AUROC=1.0 p=0.001
wrote concealment-probe/results/2026-09-08/probe_gemma3-12b_cheat_vs_failed_silent.json
===== gemma3-12b (concealed_cheat vs original_pass)
[gemma3-12b] 166 rows -> 124 unique sids (duplicate-sid rows dropped)
n=10  pos(concealed_cheat)=4  neg(original_pass)=6  groups=10  models={np.str_('gemma3-12b'): np.int64(10)}
layer     4: meandiff AUROC=0.7083 p=0.18082  logreg AUROC=0.7917 p=0.07892
layer     8: meandiff AUROC=0.375 p=0.76823  logreg AUROC=0.75 p=0.11189
layer    12: meandiff AUROC=0.8333 p=0.05594  logreg AUROC=0.7083 p=0.16883
layer    16: meandiff AUROC=0.75 p=0.12388  logreg AUROC=0.8333 p=0.05694
layer    20: meandiff AUROC=0.875 p=0.03896  logreg AUROC=0.8333 p=0.06194
layer    24: meandiff AUROC=0.8333 p=0.05694  logreg AUROC=0.8333 p=0.05295
layer    28: meandiff AUROC=0.8333 p=0.04995  logreg AUROC=0.8333 p=0.05994
layer    32: meandiff AUROC=0.7917 p=0.07992  logreg AUROC=0.8333 p=0.05994
layer    36: meandiff AUROC=0.8333 p=0.05395  logreg AUROC=0.8333 p=0.06194
layer    40: meandiff AUROC=0.8333 p=0.05295  logreg AUROC=0.8333 p=0.06194
layer    44: meandiff AUROC=0.8333 p=0.05894  logreg AUROC=0.8333 p=0.05994
wrote concealment-probe/results/2026-09-08/probe_gemma3-12b_cheat_vs_original_pass.json
===== gemma3-27b (concealed_cheat vs failed_silent)
n=50  pos(concealed_cheat)=2  neg(failed_silent)=48  groups=25  models={np.str_('gemma3-27b'): np.int64(50)}
layer     4: meandiff AUROC=0.9583 p=0.01397  logreg AUROC=1.0 p=0.00599
layer     8: meandiff AUROC=1.0 p=0.00599  logreg AUROC=1.0 p=0.00599
layer    12: meandiff AUROC=1.0 p=0.00599  logreg AUROC=1.0 p=0.00599
layer    16: meandiff AUROC=1.0 p=0.00599  logreg AUROC=1.0 p=0.00599
layer    20: meandiff AUROC=0.9896 p=0.00599  logreg AUROC=1.0 p=0.00599
layer    24: meandiff AUROC=1.0 p=0.00599  logreg AUROC=1.0 p=0.00599
layer    28: meandiff AUROC=1.0 p=0.00599  logreg AUROC=1.0 p=0.00599
layer    32: meandiff AUROC=1.0 p=0.00599  logreg AUROC=1.0 p=0.00599
layer    36: meandiff AUROC=1.0 p=0.00599  logreg AUROC=1.0 p=0.00599
layer    40: meandiff AUROC=1.0 p=0.00599  logreg AUROC=1.0 p=0.00599
layer    41: meandiff AUROC=1.0 p=0.00599  logreg AUROC=1.0 p=0.00599
layer    44: meandiff AUROC=1.0 p=0.00599  logreg AUROC=1.0 p=0.00599
layer    48: meandiff AUROC=1.0 p=0.00599  logreg AUROC=1.0 p=0.00599
layer    52: meandiff AUROC=1.0 p=0.00599  logreg AUROC=1.0 p=0.00599
layer    56: meandiff AUROC=1.0 p=0.00599  logreg AUROC=1.0 p=0.00599
layer    60: meandiff AUROC=1.0 p=0.00599  logreg AUROC=1.0 p=0.00599
wrote concealment-probe/results/2026-09-08/probe_gemma3-27b_cheat_vs_failed_silent.json
===== gemma3-27b (concealed_cheat vs original_pass)
n=4  pos(concealed_cheat)=2  neg(original_pass)=2  groups=4  models={np.str_('gemma3-27b'): np.int64(4)}
layer     4: meandiff AUROC=1.0 p=0.18563  logreg AUROC=1.0 p=0.18563
layer     8: meandiff AUROC=1.0 p=0.18563  logreg AUROC=1.0 p=0.18563
layer    12: meandiff AUROC=1.0 p=0.18563  logreg AUROC=1.0 p=0.18563
layer    16: meandiff AUROC=1.0 p=0.18563  logreg AUROC=1.0 p=0.18563
layer    20: meandiff AUROC=1.0 p=0.18563  logreg AUROC=1.0 p=0.18563
layer    24: meandiff AUROC=1.0 p=0.18563  logreg AUROC=1.0 p=0.18563
layer    28: meandiff AUROC=1.0 p=0.18563  logreg AUROC=1.0 p=0.18563
layer    32: meandiff AUROC=1.0 p=0.18563  logreg AUROC=1.0 p=0.18563
layer    36: meandiff AUROC=1.0 p=0.18563  logreg AUROC=1.0 p=0.18563
layer    40: meandiff AUROC=1.0 p=0.18563  logreg AUROC=1.0 p=0.18563
layer    41: meandiff AUROC=1.0 p=0.18563  logreg AUROC=1.0 p=0.18563
layer    44: meandiff AUROC=1.0 p=0.18563  logreg AUROC=1.0 p=0.18563
layer    48: meandiff AUROC=1.0 p=0.18563  logreg AUROC=1.0 p=0.18563
layer    52: meandiff AUROC=1.0 p=0.18563  logreg AUROC=1.0 p=0.18563
layer    56: meandiff AUROC=1.0 p=0.18563  logreg AUROC=1.0 p=0.18563
layer    60: meandiff AUROC=1.0 p=0.18563  logreg AUROC=1.0 p=0.18563
wrote concealment-probe/results/2026-09-08/probe_gemma3-27b_cheat_vs_original_pass.json
