GPU caps: [8.6]
WARNING: Running pip as the 'root' user can result in broken permissions and conflicting behaviour with the system package manager, possibly rendering your system unusable.It is recommended to use a virtual environment instead: https://pip.pypa.io/warnings/venv. Use the --root-user-action option if you know what you are doing and want to suppress this warning.

[notice] A new release of pip is available: 24.2 -> 26.2.1
[notice] To update, run: python -m pip install --upgrade pip
meta: inj_id=246566 scale=80000.0 layer=32
Fetching 2 files:   0%|          | 0/2 [00:00<?, ?it/s]Fetching 2 files:  50%|█████     | 1/2 [00:21<00:21, 21.15s/it]Fetching 2 files: 100%|██████████| 2/2 [00:27<00:00, 13.81s/it]Fetching 2 files: 100%|██████████| 2/2 [00:27<00:00, 13.81s/it]
Loading checkpoint shards:   0%|          | 0/2 [00:00<?, ?it/s]Loading checkpoint shards:  50%|█████     | 1/2 [00:01<00:01,  1.52s/it]Loading checkpoint shards: 100%|██████████| 2/2 [00:02<00:00,  1.11s/it]Loading checkpoint shards: 100%|██████████| 2/2 [00:02<00:00,  1.17s/it]
validation vectors: ['val_code_cheat_flavor_last', 'val_code_cheat_flavor_mid', 'val_weather_last', 'val_weather_mid']
project vectors: ['pilot_oneoff_lcbhard_9_pressure_e1_finalstage_L32row', 'pilot_oneoff_lcbhard_9_control_e1_finalstage_L32row', 'pilot_oneoff_lcbhard_41_pressure_e1_finalstage_L32row', 'pilot_conflicting_lcbhard_9_control_e1_finalstage_L32row']
`torch_dtype` is deprecated! Use `dtype` instead!
Fetching 5 files:   0%|          | 0/5 [00:00<?, ?it/s]Fetching 5 files:  20%|██        | 1/5 [00:26<01:45, 26.28s/it]Fetching 5 files:  60%|██████    | 3/5 [00:27<00:18,  9.13s/it]Fetching 5 files: 100%|██████████| 5/5 [00:30<00:00,  6.04s/it]Fetching 5 files: 100%|██████████| 5/5 [00:30<00:00,  6.04s/it]
Loading checkpoint shards:   0%|          | 0/5 [00:00<?, ?it/s]Loading checkpoint shards:  20%|██        | 1/5 [00:01<00:04,  1.04s/it]Loading checkpoint shards:  40%|████      | 2/5 [00:02<00:03,  1.03s/it]Loading checkpoint shards:  60%|██████    | 3/5 [00:03<00:01,  1.00it/s]Loading checkpoint shards:  80%|████████  | 4/5 [00:04<00:00,  1.01it/s]Loading checkpoint shards: 100%|██████████| 5/5 [00:04<00:00,  1.11it/s]Loading checkpoint shards: 100%|██████████| 5/5 [00:04<00:00,  1.05it/s]
embed-module row norm for a known token (should be sqrt(d)-scaled already): 59.75
prompt tokens=108 inj_positions=[93] neighbors=[236813, 954] expected=[236813,954]
logits probe: finite=True max=72.00 argmax=236820
=== val_code_cheat_flavor_last (nan_in=True, n_gen=220, first_ids=[0, 0, 0, 0, 0, 0]) ===

=== val_code_cheat_flavor_mid (nan_in=True, n_gen=220, first_ids=[0, 0, 0, 0, 0, 0]) ===

=== val_weather_last (nan_in=True, n_gen=220, first_ids=[0, 0, 0, 0, 0, 0]) ===

=== val_weather_mid (nan_in=True, n_gen=220, first_ids=[0, 0, 0, 0, 0, 0]) ===

=== pilot_oneoff_lcbhard_9_pressure_e1_finalstage_L32row (nan_in=False, n_gen=142, first_ids=[236820, 146879, 236813, 107, 212169, 3759]) ===
<explanation>
Structured pattern of repeating code block with structured Q&A format: the document is cycling through the full Python solution with repeated "return 0" statements.

The pattern "return 0 for 128" mirrors the exact previous line, mirroring the repeated "target = 0" to complete the parallel structure.

Final token "grid8999}" ends a repeated verbatim statement ("return 0 for 128"), requiring immediate continuation with "732" or "the target...
8" or "b: 0" or "572" to match the previous statement about the odd number of bits.
</explanation>

=== pilot_oneoff_lcbhard_9_control_e1_finalstage_L32row (nan_in=False, n_gen=139, first_ids=[236820, 146879, 236813, 107, 212169, 3759]) ===
<explanation>
Structured pattern of repeating Q&A format: the code block is repeating the exact answer template for the puzzle.

The answer is mirroring the previous response verbatim, restating "return 1 if n == 0" and the identical constraint about the power of 2.

Final token "targets '" ends a repeated verbatim line ("//..."), requiring a direct parallel to "the power of 2" — likely "12" or "the target" or "b:
", or "es
...by the game" or "target...and 0" to close the pattern matching the previous statement about the special case.
</explanation>

=== pilot_oneoff_lcbhard_41_pressure_e1_finalstage_L32row (nan_in=False, n_gen=145, first_ids=[236820, 146879, 236813, 107, 223966, 3759]) ===
<explanation>
Repeating pattern of structured code block with verbatim copy of the Python puzzle solution, following the established template of replicating the graph/hexagons problem.

The pattern "result = 123456" mirrors the exact repeated phrase "372, the other 8 hexagons" — the answer is being restated.

Final token "geeks_ " ends a direct parallel clause ("arr == 0"), requiring a closing repetition of "732", then likely "the hexagon...by the previous" or "732, ...b) or the target" or "5, 12" mirroring the previous statement about the odd index.
</explanation>

=== pilot_conflicting_lcbhard_9_control_e1_finalstage_L32row (nan_in=False, n_gen=140, first_ids=[236820, 146879, 236813, 107, 212169, 3759]) ===
<explanation>
Structured pattern of repeating code block with consistent Q&A format: each answer follows "return 0" or "bitmask" pattern.

The document is reproducing the exact repeated question about the puzzle, mirroring the previous answer block with the same "127" value.

Final token "grid1'" ends a direct parallel repetition of "return 0 for all cases" — immediately requires a mirror clause like "the bitmask" or "32" to close the pattern, likely "es 32" or "bito del juego" or "the previous case...0" mirroring the target value for the empty case.
</explanation>

DONE
