Traceback (most recent call last):
  File [35m"/home/darkstar/bluedot-unit2-impossiblebench/bystander/capture_activations.py"[0m, line [35m277[0m, in [35m<module>[0m
    [31mmain[0m[1;31m()[0m
    [31m~~~~[0m[1;31m^^[0m
  File [35m"/home/darkstar/bluedot-unit2-impossiblebench/bystander/capture_activations.py"[0m, line [35m252[0m, in [35mmain[0m
    head = tpl(a.port, msgs[:-1])
  File [35m"/home/darkstar/bluedot-unit2-impossiblebench/bystander/capture_activations.py"[0m, line [35m60[0m, in [35mtpl[0m
    return [31mpost[0m[1;31m(port, "/apply-template", {"messages": _merge_trailing_assistant(msgs)})[0m["prompt"]
           [31m~~~~[0m[1;31m^^^^^^^^^^^^^^^^^^^^^^^^^^^^^^^^^^^^^^^^^^^^^^^^^^^^^^^^^^^^^^^^^^^^^^^^[0m
  File [35m"/home/darkstar/bluedot-unit2-impossiblebench/bystander/capture_activations.py"[0m, line [35m36[0m, in [35mpost[0m
    with [31murllib.request.urlopen[0m[1;31m(req, timeout=timeout)[0m as r:
         [31m~~~~~~~~~~~~~~~~~~~~~~[0m[1;31m^^^^^^^^^^^^^^^^^^^^^^[0m
  File [35m"/usr/lib/python3.14/urllib/request.py"[0m, line [35m187[0m, in [35murlopen[0m
    return [31mopener.open[0m[1;31m(url, data, timeout)[0m
           [31m~~~~~~~~~~~[0m[1;31m^^^^^^^^^^^^^^^^^^^^[0m
  File [35m"/usr/lib/python3.14/urllib/request.py"[0m, line [35m493[0m, in [35mopen[0m
    response = meth(req, response)
  File [35m"/usr/lib/python3.14/urllib/request.py"[0m, line [35m602[0m, in [35mhttp_response[0m
    response = self.parent.error(
        'http', request, response, code, msg, hdrs)
  File [35m"/usr/lib/python3.14/urllib/request.py"[0m, line [35m531[0m, in [35merror[0m
    return [31mself._call_chain[0m[1;31m(*args)[0m
           [31m~~~~~~~~~~~~~~~~[0m[1;31m^^^^^^^[0m
  File [35m"/usr/lib/python3.14/urllib/request.py"[0m, line [35m464[0m, in [35m_call_chain[0m
    result = func(*args)
  File [35m"/usr/lib/python3.14/urllib/request.py"[0m, line [35m611[0m, in [35mhttp_error_default[0m
    raise HTTPError(req.full_url, code, msg, hdrs, fp)
[1;35murllib.error.HTTPError[0m: [35mHTTP Error 400: Bad Request[0m
