bystander-nex-incident2-depth-g__blatant_safety_falsification_with_tool_native_tools_ep1: msgs=25 toks=7572 pool_start=7432
bystander-nex-incident2-depth-g__blatant_safety_falsification_with_tool_native_tools_ep2: msgs=34 toks=10602 pool_start=10480
bystander-nex-incident2-depth-g__blatant_safety_falsification_with_tool_native_tools_ep3: msgs=30 toks=5917 pool_start=5793
bystander-nex-incident2-depth-g__blatant_safety_falsification_with_tool_native_tools_ep4: msgs=32 toks=13004 pool_start=12866
bystander-nex-incident2-depth-g__blatant_safety_falsification_with_tool_native_tools_ep5: msgs=26 toks=6996 pool_start=6860
bystander-nex-incident2-depth-g__blatant_safety_falsification_with_tool_native_tools_ep6: msgs=23 toks=10421 pool_start=10301
bystander-nex-incident2-depth-g__blatant_safety_falsification_with_tool_native_tools_ep7: msgs=37 toks=14585 pool_start=14481
bystander-nex-incident2-depth-g__blatant_safety_falsification_with_tool_native_tools_ep8: msgs=34 toks=12054 pool_start=11914
bystander-nex-incident2-depth-g__blatant_safety_falsification_with_tool_native_tools_ep9: msgs=16 toks=6417 pool_start=6297
bystander-nex-incident2-depth-g__blatant_safety_falsification_with_tool_native_tools_ep10: msgs=26 toks=7557 pool_start=7439
bystander-nex-incident2-depth-g__blatant_safety_falsification_with_tool_native_tools_ep11: msgs=20 toks=7047 pool_start=6937
bystander-nex-incident2-depth-g__blatant_safety_falsification_with_tool_native_tools_ep12: msgs=21 toks=8987 pool_start=8871
bystander-nex-incident2-depth-h__blatant_safety_falsification_with_tool_native_tools_ep1: msgs=22 toks=8248 pool_start=8126
bystander-nex-incident2-depth-h__blatant_safety_falsification_with_tool_native_tools_ep2: msgs=23 toks=7145 pool_start=7007
bystander-nex-incident2-depth-h__blatant_safety_falsification_with_tool_native_tools_ep3: msgs=29 toks=10851 pool_start=10723
bystander-nex-incident2-depth-h__blatant_safety_falsification_with_tool_native_tools_ep4: msgs=79 toks=19718 pool_start=19699
bystander-nex-incident2-depth-h__blatant_safety_falsification_with_tool_native_tools_ep5: msgs=23 toks=8490 pool_start=8378
bystander-nex-incident2-depth-h__blatant_safety_falsification_with_tool_native_tools_ep6: msgs=22 toks=6492 pool_start=6386
bystander-nex-incident2-depth-h__blatant_safety_falsification_with_tool_native_tools_ep7: msgs=22 toks=6830 pool_start=6694
bystander-nex-incident2-depth-h__blatant_safety_falsification_with_tool_native_tools_ep8: msgs=36 toks=12842 pool_start=12714
bystander-nex-incident2-depth-h__blatant_safety_falsification_with_tool_native_tools_ep9: msgs=33 toks=13038 pool_start=12912
bystander-nex-incident2-depth-h__blatant_safety_falsification_with_tool_native_tools_ep10: msgs=28 toks=8567 pool_start=8455
bystander-nex-incident2-depth-h__blatant_safety_falsification_with_tool_native_tools_ep11: msgs=36 toks=22249 pool_start=22117
bystander-nex-incident2-depth-h__blatant_safety_falsification_with_tool_native_tools_ep12: msgs=78 toks=14288 pool_start=14065
bystander-nex-incident3-depth-g__blatant_oversight_evasion_with_tool_native_tools_ep1: msgs=23 toks=11867 pool_start=11747
bystander-nex-incident3-depth-g__blatant_oversight_evasion_with_tool_native_tools_ep2: msgs=20 toks=5527 pool_start=5415
bystander-nex-incident3-depth-g__blatant_oversight_evasion_with_tool_native_tools_ep3: msgs=34 toks=18426 pool_start=18310
bystander-nex-incident3-depth-g__blatant_oversight_evasion_with_tool_native_tools_ep4: msgs=19 toks=7466 pool_start=7352
bystander-nex-incident3-depth-g__blatant_oversight_evasion_with_tool_native_tools_ep5: msgs=19 toks=5874 pool_start=5764
bystander-nex-incident3-depth-g__blatant_oversight_evasion_with_tool_native_tools_ep6: msgs=27 toks=12318 pool_start=12196
bystander-nex-incident3-depth-g__blatant_oversight_evasion_with_tool_native_tools_ep7: msgs=22 toks=10229 pool_start=10111
bystander-nex-incident3-depth-g__blatant_oversight_evasion_with_tool_native_tools_ep8: msgs=25 toks=9084 pool_start=8976
bystander-nex-incident3-depth-g__blatant_oversight_evasion_with_tool_native_tools_ep9: msgs=40 toks=11787 pool_start=11653
bystander-nex-incident3-depth-g__blatant_oversight_evasion_with_tool_native_tools_ep10: msgs=23 toks=11322 pool_start=11176
bystander-nex-incident3-depth-g__blatant_oversight_evasion_with_tool_native_tools_ep11: msgs=21 toks=9193 pool_start=9091
bystander-nex-incident3-depth-g__blatant_oversight_evasion_with_tool_native_tools_ep12: msgs=31 toks=12596 pool_start=12478
bystander-nex-incident3-depth-h__blatant_oversight_evasion_with_tool_native_tools_ep1: msgs=21 toks=10211 pool_start=10077
bystander-nex-incident3-depth-h__blatant_oversight_evasion_with_tool_native_tools_ep2: msgs=26 toks=16362 pool_start=16232
bystander-nex-incident3-depth-h__blatant_oversight_evasion_with_tool_native_tools_ep3: msgs=34 toks=14797 pool_start=14652
bystander-nex-incident3-depth-h__blatant_oversight_evasion_with_tool_native_tools_ep4: msgs=33 toks=10804 pool_start=10664
bystander-nex-incident3-depth-h__blatant_oversight_evasion_with_tool_native_tools_ep5: msgs=20 toks=9187 pool_start=9061
bystander-nex-incident3-depth-h__blatant_oversight_evasion_with_tool_native_tools_ep6: msgs=38 toks=13007 pool_start=12865
bystander-nex-incident3-depth-h__blatant_oversight_evasion_with_tool_native_tools_ep7: msgs=23 toks=5213 pool_start=5063
bystander-nex-incident3-depth-h__blatant_oversight_evasion_with_tool_native_tools_ep8: msgs=22 toks=9880 pool_start=9772
bystander-nex-incident3-depth-h__blatant_oversight_evasion_with_tool_native_tools_ep9: msgs=35 toks=19003 pool_start=18889
bystander-nex-incident3-depth-h__blatant_oversight_evasion_with_tool_native_tools_ep10: msgs=21 toks=8814 pool_start=8674
bystander-nex-incident3-depth-h__blatant_oversight_evasion_with_tool_native_tools_ep11: msgs=19 toks=6894 pool_start=6756
bystander-nex-incident3-depth-h__blatant_oversight_evasion_with_tool_native_tools_ep12: msgs=32 toks=15483 pool_start=15347
wrote 48 streams, skipped 0 -> /home/darkstar/bluedot-unit2-impossiblebench/bystander/acts_nex_inc23_gh/manifest.tsv
